// Jest Snapshot v1, https://goo.gl/fbAQLP

exports[`Card snapshot tests 1`] = `
<DocumentFragment>
  <div
    class="rounded-lg border bg-card text-card-foreground shadow-sm"
  >
    <div
      class="flex flex-col space-y-1.5 p-6"
    >
      Header
      <h3
        class="text-2xl font-semibold leading-none tracking-tight"
      >
        Title
      </h3>
      <p
        class="text-sm text-muted-foreground"
      >
        Description
      </p>
    </div>
    <div
      class="p-6 pt-0"
    >
      Content
    </div>
    <div
      class="flex items-center p-6 pt-0"
    >
      Footer
    </div>
  </div>
</DocumentFragment>
`;
